[40m[2J[2;1H[3;1H[4;1H[5;1H[26C[0;1;47m█[6;1H[25C░█[7;1H[24C░▒█[8;1H[23C░▒▓█[9;1H[22C░▒▓██[12C[34;40mA large gelatenous object[10;1H[21C[37;47m░▒▓███[13C[34;40mSweeps down from the sky[11;1H[21C[37;47m░▒▓███[14C[34;40mGrabin[A
[47Cg you...[12;1H[21C[37;47m░▒▓███[3C[30;40m▒[11C[34mIts [0;35mRembrant!  [1;34mOne[13;1H[21C[37;47m░▒▓███[2C[30;40m▒▒[12C[34mof the elite fighting[14;1H[10C[0;32m░▒▓░▒▓███  [1;37;47m░▒▓███[30;40m▒▒▒[14C[34mcorps of [0;35mThe [A
[57CMiddle Aged[15;1H[8C[32m░▒▓░▒▓░▒▓███ [1;37;47m░▒▓███[30;40m▒[17C[0;35mGenetic Mishaps Samuraii[16;1H[6C[32m░▒▓░▒▓░▒▓░▒▓░██[1;37;47m░▒▓███[19C[0;35mSlugs!!!![17;1H[6C[1;30m░░░▒▒▒▒▒▓▓▓▓▓██[37;47m░▒▓███[4C[30;40m█[18;1H[6C░░░[A
[9C[5;31;41m██[0;1;30m▒▒▒▓▓[5;31;41m██[0;1;30m▓██[37;47m░▒▓███[0;32m░▒▓[1;30m██[0;32m▓░▒▓░▒▓░▒▓[19;1H[6C░▒▓░▒▓░▒▓▒░▓███[1;37;47m░▒▓███[0;32m▒▓[1;30m██▀[0;32m░▒▓░▒▓░▒▓░▒▓[20;1H[7C░▒▓░▒▓░▒▓░██[1;30m▄▄[47m▄▄▄▄▄▄[40m▄██▀[0;32m░▒▓░▒▓░▒▓[A
[40C░▒▓░░▓▒░▒▓[21;1H[8C█[37m▌▌▌▌▌▌▌▌▌[32m█▒[1;30m▒▓[0m░▒▓██[32m▒▓░▒▓░▒▓░▒▓░▒▓░▒▓░▒░▒▓░▒▓[22;1H[8C█[37m▌▌▌▌▌▌▌▌▌[32m█▒▓[1;30m▒▓[0m░▒▓██[32m▒▓░▒▓░▒▓░▒▓░▒▓░▒▓░░▒▓░▒▓░▒▓[23;1H[9C█████████░▒▓░[1;30m░▒[0m░▒▓██[32m▓░▒▓▓░▒░▒▓░▒▓░▒▓░▒▓░▒▓░▒▓[A
[54C░▒▓░▒▓[24;1H[10C░▒▓░▒▓░▒░▒▒▓░▒▓▒░▓░▒▓░▒▓░▒▓░▒▓░▒▓░▒▓░▒▓░▒░▒▓▓░▒▓▓░▒▓░▒▓[25;1H[7C░▒▓░▒▓░▒▓░▒▓░▓░▒▓░▒▓░▒▓░▒▓░▒▓░▒▓░▒▓░▒▓░▒▓░▒▓░▒▓░▒▓░▒▓░▒▓░▒▓░▒▓░▒▓[0m[255D