[40m[2J[20C[0;34m░░▒ ▓ ▒░ ░  ░ ▒  ▒  ░▒░░▒   ▒[6C▒[2;1H[22C░░░░░ ▓  ░ ░ ▒░░▒  ▒[7C▒[3;1H[26C░░░▒  ░   ░▒░▒▒ ▒▒[4;1H[29C░░░░░░    ▒    ▒[5;1H[32C██████████[6;1H[24C[37m▓▒░░▒▓░▒▓[31m▄▄▄▄▄[37m▒▓▒░▓░▒▓░▒[7;1H[22C▓░▒▓▒░  ░▓▒[31m█[37m▓[s
[u░▒▓▒░░▒  ▒░▓▒▓░[8;1H[21C░▒▓░▒▓ [5;31m██ [0m▒▓[31m▀▀▀▀█[37m▓░▒ [5;31m██ [0m░▒▓░▒▓[9;1H[20C░▒▓░▒▓░▒▓░▒▓░[31m▀▀▀▀▀[37m░▒▓░▒▓░▒▓░▒▓░▒[10;1H[21C░▒▓░▒▓░▒▓░▒░▒▓▒▓▒▓░▒▓░▒▓░▒▓░▒▓[11;1H[22C░▒▓░▒▓░▒▓░▒▓░▒▓░▒▓░▒▓░▒▓░▒▓░[12;1H[23C[33m░▒▓░▒▓░▒▓[s
[u░▒▓░▒▓░▒▓░▒▓░▓░▒▓[13;1H[21C░▓░▒▓[1;37m▌▌▌▌▌▌▌▌▌▌▌▌▌▌▌▌▌▌▌[0;33m░▒▓░▒▓[14;1H[19C░▒▓░▒▓[21C░▒▓░▒▓[15;1H[20C░▒▓░▒▓[1;37m▌▌▌▌▌▌▌▌▌▌▌▌▌▌▌▌▌▌▌[0;33m▒▓░▒▓[16;1H[22C░▒▓░▒▓░▒▓░▒▓░▒▓░▒▓░▒▓░▒▓▒▓[17;1H[18;1H[19;1H[37C[1;34mOh No!!![20;1H[39C[A
[39CIts [0;35mThe Saltinizer!!![21;1H[41C[1;34mLooks like chat is[22;1H[42COver for you buddy![23;1H[24;1H[25;1H[0m[255D