[40m[2J[2;21H[0;1m╤╕[3C╕[5C╕╒[12C╤╕[C╤╕[C╒╕[3;21H│[2C■[C│[5C││[12C││[C││[C│[4;2H(203)-596-1890[5C╞[2C╕[C│[C╒╕[2C╞╡[C╒╕[C╒╤[C╒╕[3C╞╡[C╞╡[C╘╕[5CFidoNet[C1:141/1152[5;21H│[2C│[C│[C╞╛[2C││[C││[C││[C╘╕[3C││[C││[2C│[A
[6;21H╧[2C╘[C╘[C╘[3C╛╘[C╘╛[C╘╡[C╘╛[3C╧╛[C╧╛[C╘╛[7;38H╒│[8;38H╘╛[9CWaterbury,[CConn.[9;32H[33mRon[CHicks[10;4H[35m/\___/\[22C[33m·SysOp·[21C[37m*[35m/\___/\[11;3H([C[0;32mo[1;35m__[0m- [D-[1;35m)[6C/\___/\[33m,[21C[A
[46C[36m>[35m/\[33mooo[35m/\[36m<[5C[35m([C[0;32mo[1;35m___[0;32mo[C[1;35m)[12;3H([C(o[Co)[C)[5C([C[0;32mO[1;35m___[0;32mO[C[1;35m)[7C/\___/\[6C[33m([35m([C[0;32mO[1;35m___[0;32mO[C[1;35m)[33m)[4C[35m([C(o[Co)[C[A
[68C)[13;3H([31m__[35m\=/[31m__[35m)[5C([C(o[Co)[C)[6C([0m'\0─0/`[1;35m)[5C[33m([35m([C(o[Co)[C)[33m)[4C[35m([37m__[35m\=/[37m__[35m)[14;2H[31m(/\[C\_/[C/\)[4C[35m([33m..[35m\=/[33m..[35m)[6C([C(o[Co)[C)[5C[33m[A
[45Co)[35m(_\=/_)[33m(o[3C[35m([37m\OOOOOOO/[35m)[15H[31m■[35m(/[31m▄▄[C║[C▄▄[35m\)[31m■[2C[35m([2C[33m:...:[2C[35m)[5C([0m__[1;35m\=/[0m__[1;35m)[5C[36m(_/\\_//\_)[2C[0;31m■[1;35m(/[0;31m▄▄[1;37m\║/[0;31m▄▄[1;35m\)[A
[70C[0;31m■[16H[37m__[1;35m([C[31m█▄▄▄█[C[35m)[0m___[1;34m■[35m(/[34m▄▄[0m═[1;30;47m■[0m═[1;34m▄▄[35m\)[34m■[0m___[1;35m([C[0m>,\[C/,<[C[1;35m)[0m___[1;33m■[35m(/[33m▄▄[36m/[C\[33m▄▄[35m\)[33m■[0m___[1m/_[A
[62C[0;31;47m█[40m▄▄▄█[1;37m_\[0m_________[17;3H[1;35m([C([31m▐▓▌[35m)[C)[5C([C[34m█▄▄▄█[C[35m)[4C[32m■[35m(/[32m▄▄[0m/[C\[1;32m▄▄[35m\)[32m■[3C[36m/__[33m█▄▄▄█[36m__\[4C[35m([C([0;31m▐▒▌[1;35m)[C)[18;3H(/[31m▄▒█▒▄[A
[9C[35m\)[5C([C([0;34m▐[1m█[0;34m▌[1;35m)[C)[6C([C[32m█▄▄▄█[C[35m)[6C([C([33m▐[47m▒[40m▌[35m)[C)[5C(/[0;31m▐[1m▒[0;31m█[1m▒[0;31m▌[1;35m\)[19;6H[31;47m▌[37;40m░[31;47m▐[8C[35;40m(/[0;44m▀[1;34;40m▒█▒[0;44m▀[40m[A
[23C[1;35;40m\)[6C([C([32m▐[47m▓[40m▌[35m)[C)[6C(/[33m▀░[47m▒[40m░▀[35m\)[6C[0;31m▀▀[47m▌[1;37;40m░[0;31;47m▐[40m▀▀[20;5H[37m_▐[1m░[0m▌_[10C[44m▐[1;40m░[0;44m▌[9C[1;35;40m(/[32m▄▓█▓▄[35m\)[9C[33;47m▌[37;40m░[A
[51C[33;47m▐[10C[0m_▐[1m░[0m▌_[21;19H_▐[1m░[0m▌_[11C[1;32;47m▌[37;40m░[32;47m▐[11C[0m_▐[1m░[0m▌vs[22;34H_▐[1m░[0m▌_[23H~~~~~~~~~~~~~~~~~~~~~~~~~~~~~~~~~~~~~~~~~~~~~~~~~~~~~~~~~~~~~~~~~~~~~~~~~~~~~~~~[1mPress[CEnter[Cto[Ccontinu[A
[22Ce...........[0m[255D

