[40m[2J[2;2H[0;1m╒╤╕╕[5C╤[4C╒[C╒[3;3H│[C│[5C│[4C│[C│[4;3H│[C╞╕╒╕[2C│[C╒╕╒╡╒╡╒╕╤╕[9C(503)-343-9724[3CFidonet[C1:152/30[5;3H│[C││╞╛[2C│[C╒╡││││╞╛│[6;3H╧[C╧╘╘[3C╧╛╘╧╘╧╘╧╘[C╧[20CEugene,[COregon[3C[0;33m/\\[7;58H_\[C\\_,
[8;36H[1;37m/\[19C[0;33m/))[3C`(),[9;6H[32m,[C,[8C`*,[2C,`*,[9C[1;37m/[2C\[17C[0;33m/[C``[4C'(),[10;2H[32m`%',*%*'[C*`[C,[C,*%*,[C%*%*,[C,[5C[35m/[1;37m\/\[C\[15C[0;33m/[C@[7C'(),[11;2H[32m%*%*%*%`*%*,*'*%*%[C%*%*%*'*[s
[u`[3C[35m/[4C[1;37m\/[0;35m\[13C[33m//[10C'(),[12;2H[32m*%*[C%[33m▌[32m%*%[33m▌[32m%[C%*%[33m▐[32m*%*%*[33m▐[32m%*%*%*[2C[35m/[8C\[11C[33m/[9C./[2C'(),[13;2H[32m%[33m▌[32m*%*[33m▌[32m'[33m▌[32m`[33m▌[32m%*[33m▐[s
[u[32m%'[33m▐[32m%`[33m▐[32m*[33m▐▐[32m`[33m▐[32m*%*[2C[35m/[10C\[9C[33m/[8C./[5C'(),[14H_[32m`[33m▌[32m'[33m▌[32m`[33m▌_▌_▌[32m`[33m▌▐[32m'[33m_▐[32m'[33m_▐[32m`[33m▐▐_▐[32m'[33m▐[32m%[33m_[32m [D[33m_[32m [D[s
[u[10C[35m\[7C[33m(O[4C___/[8C'(),[15;5H▌[C▌[14C▐[4C▐[32m'[3C[33m)[32m [D[10C [D[7C[33m\__//[3C/[9C'(),[16;10H[1;37m█████████▌[12C[0;33m\[C[32m [D[6C [D[C [D[33m_[32m [D[33m___[10C/[11C'(),[17;10H[1;37m▐██[s
[u██████[14C[0;33m)[C[32m [D[4C [D[C[33m/[15C/[13C'(\[18;10H██▒▒█████▄▌__[10C\[C[32m [D[3C [D[C[33m([15C([15C'VS[19;9H▀(*)[4C(*)[2C\\[10C\[C[32m [D[3C [D[33m/[14C[1mCarla[CRidenour[20;2H[0;33m~~~~~~~~~~~~~~~~[s
[u~~~~~~~~~~~~~~~~~~~~~~~~~~~~~~[11C[1mSysOp[22H[37mpress[Center[Cto[Ccontinue........[0m
