[40m[2J[0;1m [D[2;28H[33m┐[2D─[2D┬[5D┐[9D┬[6D┐[2D┐[2D┬[2D┌[B│[C│[4C│[2C°[8C│[C│[4;32H┐[2D┬[2D┐[2D┌[2D│[3D│[3D┐[2D┌[3D┐[2D┬[2D┐[2D┌[2D┐[4D│[3D┐[2D┌[2D┐[2D├[3D│[5;7H│[C││├┘[C│[2C│││││[C└┐[C│[C│├┘││[6C(602)-[s
[u985-1861[6;64H.[2Dz[2DA[3D,[2Da[2Ds[2De[2DM[25D└[2D┴[3D└[2D┘[2D─[2D┴[3D┘[2D└[3D└[2D┴[2D┘[2D└[2D└[2D┘[2D─[2D┴[4D└[2D└[2D┴[3D┴[7;34H[0;33m/\_______/\[B\[2D\[11D/[2D/[9;33H//[2C[1mO[3CO[2C[0;33m\\[10;45H\[2D\[s
[u[6Dτ[6D/[2D/[11;33H///[C>/[1;31m [D[0;33m\<[C\\\[2C[1mJason[CHarper[12;55Hp[2DO[2Ds[2Dy[2DS[7D[0;33m\[2D\[2D\[2D[37m▄[2D▄[2D▄[2D▄[2D▄[2D▄[2D▄[2D[33m/[2D/[2D/[13;33H([2C[37m▒▒▒▒▒▒▒[2C[33m)\[B\[3D)[4D[37m▒[s
[u[2D▒[2D[1;30;47m)[2D^[2D([2D[0m▒[2D▒[4D[33m([2D/[15;31H([C│[37m██████[1;30;47m [0m████[33m│[2C)[16;59H*[2D─[2D─[2D─[2D─[2D─[2D─[2D─[2D─[2D─[2D)[2D,[2D,[2D,[2D)[2D[37m█[2D[1;30;47m■[2D0[2D0[2D[0m█[2D█[2D█[s
[u[2D█[2D[1;30;47ms[2Dv[2D [2D[0;33m([2D,[2D,[2D([17;42H[37m([B\[B)[20;80H█[20;79H_[2D_[2D_[2D_[2D_[2D_[2D_[2D_[2D_[2D_[2D_[2D_[2D_[2D_[2D4[2D6[2D/[2D4[2D1[2D1[2D:[2D1[3Dt[2De[2Dn[2Do[2Dd[2Di[2DF[2D_[2D_[s
[u[2D_[2D_[2D_[2D_[2D([22;33H[1m.[2D.[2D.[2D.[2D.[2D.[2D.[2D.[2D.[2D.[2De[2Du[2Dn[2Di[2Dt[2Dn[2Do[2Dc[3Do[2Dt[3Dr[2De[2Dt[2Dn[2De[3Ds[2Ds[2De[2Dr[2Dp[23H [D[0m
