[40m[2J[14C[0;1;31m╥╖╓╥[5C╓[2C╓[6C╖[5C╥╖╓╥[5C╓[C╖[2;15H║║║║[5C║[2C║[12C║║║║[5C║[C║[3;15H║║║║[C╓╖[C╓╢[C╓╢[C╓╖[C╓╥[C╓╖[3C║║║║[C╓╖[C╓╢[C╟╖[C╓╖[C╖╥[C╓╖[C╓╖[4;15H║╙╜║[C╓╢[C║║[C║║[C║║[C║║[C╙╖[3C║╙╜║[C╓╢[C║║[C║║[C║║[s
[u[C║║[C╙╖[C╟╜[5;15H╨[2C╨[C╙╨[C╙╨[C╙╨[C╙╜[C╙╢[C╙╜[3C╨[2C╨[C╙╨[C╙╨[C╨╙[C╙╜[C╙╨[C╙╜[C╙[6;32H╓║[7;32H╙╜[9;7H[37m(618)-937-1831[6CWest[CFrankfort,[CIll.[7CFidoNet[C1:11/260[10;5H.O.[13C.O.[26C.O.[18C.O.[11;4H█████[C▄▄▄▄[A
[13C[C▄▄▄▄[C█████[24C█████[C▄▄▄▄[C▄▄▄▄[C▄▄▄▄[C█████[12;3H▌█████■████■████■█████▐▌[4C[33mRichard[CWilliams[2C[37m█████■████■████■████■█████▐[13;3H▌█████[C████[C████[C█████▐▌[0m][8C[1;33m·SysOp·[6C[37m█████[C████[C████[C████[C█[A
[70C████▐[14;3H▌█████[C████[C████[C█████▐▌[22C█████[C████[C████[C████[C█████▐[15;3H▌█████[C████[C████[C█████▐▌[7C[0;33m/\_______/\[4C[1;37m█████[C████[C████[C████[C█████▐[16;3H▌█████■████■████■█████▐▌[6C[0;33m([2C[32mO[33m\[A
[37C[3C/[32mO[2C[33m)[3C[1;37m█████■████■████■████■█████▐[17;3H▌█████[C████[C████[C█████▐▌[7C[0;33m\[3C___[3C/[4C[1;37m█████[C████[C████[C████[C█████▐[18;3H▌█████[C████[C████[C█████▐▌[8C[0;33m([1;31m_[0;33m(o_o)[1;31m_[A
[42C[0;33m)[5C[1;37m█████[C████[C████[C████[C█████▐[19;3H▌█████[C████[C████[C█████▐▌[8C[0;33m/[7C\[5C[1;37m█████[C████[C████[C████[C█████▐[20;3H▌█████■████■████■█████▐▌[7C[0;33m/[9C\[4C[1;37m█████■████■████■████■█████▐[21;3H[A
[2C▌█████[C████[C████[C█████▐▌[6C[0;33m([11C)[3C[1;37m█████[C████[C████[C████[C█████▐[22;3H▌█████[C████[C████[C█████▐▌[6C[0;33m)\[2C\[3C/[2C/([3C[1;37m█████[C████[C████[C████[C█████▐[23;3H▌█████■████■████■█████▐▌[32m_____[A
[31C[0;33m(_(___)_(___)_)[1;32m__[37m█████■████■████■████■█████▐VS[24;3HPress[CEnter[Cto[Ccontinue.............[0m[255D