[40m[2J[3;22H[0;1m╤╕╒╤[6C╕[2C╒╕[4C╕[C╕[4;22H││││[4C■[C│[2C│[5C│[C│[5;22H││││[C╒╕[C╕[C│[2C│[2C╒╕[C│[C│[6;22H│╘╛│[C╒╡[C│[C│[2C│[2C╒╡[C│[C│[7;22H╧[2C╧[C╘╧[C╘[C╘[2C╘╛[C╘╧[C╘[C╘[8;58H[0mo[9;55H[1;33;47m▓▓▓▓▓▓▓[40m
[47m[10;29H[0;33m/\___/\[19C[1;47m▓▓▓▓▓▓▓[11;14H[34;40m_______________[0;33m([C[32mo[Co[C[33m)[1;34m_________________[3C[33m:[34;44m■■■[12;13H[40m([16C[0;33m(_T_)[18C[1;34m)[3C[44m■■■[13;13H[40m│__[14C[0;31;47m Mail [40m[s
[u[47m[15C[1;34;40m__│[3C[44m■■■[14;12H[40m/__/│[13C[0;33m([3C)[15C[1;34m│\__\[0;33m▄▄[1;34;44m■■■[0;33m▄▄[15;12H[1;34m│[2C││[C___________[0;33m(//[C\\)[1;34m_____________[C││[2C│[30;43m_______[16;12H[34;40m│[2C│//[10C[s
[u[0;33m((_)_(_))____[5m)[7C[0;1;34m\\│[2C│[C[0;33m█▐[C▌█[17;12H[1;34m│[2C│/________/________________\_______\│[2C│[C[0;33m█▐[C▌█[18;12H[1;34m│[2C│________│_________________│________│[2C│[C[0;33m█▐[C▌█[19;12H[1;34m└────────────[s
[u─────────────────────────────┘[C[0;33m█████[20;12H[1;34m░■░■░■░■░■░■░■░■░■░■░■░■░■░■░■░■░■░■░■░■░■░[C[0;33m█▐[C▌█[C[37mvs[22H[1mpress[Center[Cto[Ccontinue...[0m
