[40m[2J[2H[0;1;36m╔═══════════════════════════════════════════════════════╗[3H║ [0;31m████████[21C[1;5;37m·    [0;1;34m_/│\_[11C[5;37m·   [0;1;36m║[4H║    [0;31m██[12C[1;5;37m·[15C[0;1;34m/ ┌┼┐ \[5C[37m·[8C[36m║[5H║    [0;31m██ [s
[u[1;33mrade Wars[17C[34m/[36m░░░░░░░[34m\[13C[36m║[6H║    [0;31m██[21C[1;5;37m·    [0;1;31m│[36m▒┌[32m│││││[36m┐▒[31m│[12C[36m║[7H║    [0;31m██[15C[1;37m·[10C[31m│┌───┬───┐│  [37m·[9C[36m║[8H║  [34m────────────────────[s
[u[9C[33m/[31m│[35m░▒██[31m│[35m██▒░[31m│[33m\  [5;37m·[7C[0;1m·[36m║[9H║  [37mP[32m>[36mlay Tradewars[13C[33m/[34m▓[31m│[35m░▒██[31m│[35m██▒░[31m│[34m▓[33m\[10C[36m║[10H║  [37mN[32m>[36mewspaper[17C[33m/[34m▓▓[31m│[s
[u[35m░▒██[31m│[35m██▒░[31m│[34m▓▓[33m\    [5;37m·    [0;1;36m║[11H║  [37mS[32m>[36mcoreboard[7C[5;37m·[7C[0;1;33m/[34m▒▓▓[31m│[35m░▒██[31m│[35m██▒░[31m│[34m▓▓▒[33m\[8C[36m║[12H║  [37mI[32m>[36mnstructions[11C[33m_/[s
[u[34m▒▒▓▓[31m│[35m░▒██[31m│[35m██▒░[31m│[34m▓▓▒▒[33m\_    [37m· [36m║[13H║  [37mM[32m>[36message areas[7C[33m_─┘[34m▒▒▒▒▓▓[31m├────┴────┤[34m▓▓▒▒▒▒[33m└─_   [36m║[14H║  [37mG[32m>[36mames Menu[9C[33m/[34m▒▒▒▒▒▒▒▓▓[33m/[s
[u[34m░▒██[0;31m≡[1;34m██▒░[33m\[34m▓▓▒▒▒▒▒▒▒[33m\  [36m║[15H║  [37mL[0;32m>[1;36mogoff[12C[33m/[34m▒▒▒▒▒▒▒▒▓▓[33m_[34m░▒█[33m│[0;31m≡[1;33m│[34m█▒░[33m_[34m▓▓▒▒▒▒▒▒▒▒[33m\ [36m║[16H║  [37m*[32m>[36mMain menu[7C[33m│[34m[s
[u▒▒▒▒▒▒▒▒▒▓[33m/ \[34m▒█[33m│[0;31m≡[1;33m│[34m█▒[33m/ \[34m▓▒▒▒▒▒▒▒▒▒[33m│[36m║[17H╚═══════════════════════════════════════════════════════╝[18H[0m

Downloaded From P-80 International Information Systems 304-744-2253
