[40m[2J[2H[3H[4H[5H[7C[0;1;34m┌───────────┐[29C▄▀▀▀▀▀▀▀▄[6H[7C│ [0;31m╥  ╥ ╥  ╥ [1;34m│ ┌────────────────────┐    ▄▀  [0;31mò   ó  [1;34m▀▄[7H[7C│ [0;31m║  ║ ║  ║ [1;34m│ │This is the SysOp[37m...[34m│    █  [0;31m┐  ô  ┌  [1;34m[s
[u█[8H[7C│ [0;31m╟──╢ ║  ║ [1;34m│ │is there something I│    █  [0;31m└┐   ┌┘  [1;34m█[9H[7C│ [0;31m║  ║ ║  ╨ [1;34m│ │can help  you  with?│[5C▀▄ [0;31m└───┘ [1;34m▄▀[10H[7C│ [0;31m╨  ╨ ╨  ■ [1;34m│ └────────────────────┘[7C▀▀▀▀▀▀▀
[11H[7C└───────────┘[12H[13H[14H[15H[23C[37mor better than SysOp call me ...[16H[17H[52CGerald[18H[19H[20H[21H[22H[23H[0m


